// Jest Snapshot v1, https://goo.gl/fbAQLP

exports[`Dropdown component renders correctly without crashing 1`] = `ShallowWrapper {}`;
