// Jest Snapshot v1, https://goo.gl/fbAQLP

exports[`Button component renders correctly without crashing 1`] = `
<styled.button>
  <button
    className="jVRXBs"
  >
    Hello
  </button>
</styled.button>
`;
